25-02-24 17:05:30.052 : img_001.png: PSNR: 32.79306387847592, SSIM: 0.8618841080080848, LPIPS-Alex: 0.08702556788921356
25-02-24 17:05:30.167 : img_002.png: PSNR: 34.58754386272321, SSIM: 0.9347854937383553, LPIPS-Alex: 0.030322285369038582
25-02-24 17:05:30.273 : img_003.png: PSNR: 28.509033454811174, SSIM: 0.9141603901840616, LPIPS-Alex: 0.03932784125208855
25-02-24 17:05:30.382 : img_004.png: PSNR: 31.63269814807139, SSIM: 0.7474932367208312, LPIPS-Alex: 0.09631448239088058
25-02-24 17:05:30.479 : img_005.png: PSNR: 30.198748710448413, SSIM: 0.8982208992191306, LPIPS-Alex: 0.06238173693418503
25-02-24 17:05:30.580 : Avg psnr: 31.544217610906024. ssim: 0.8713088255740928. count: 5. lpips_value_vgg: 0.14991116374731064. lpips_value_alex: 0.06307438276708126
